Script starting: 17/07/2018 12:58:40

